// Jest Snapshot v1, https://goo.gl/fbAQLP

exports[`Indicator component should have correct classes on different states 1`] = `"<div class=\\"indicator -error\\"></div>"`;

exports[`Indicator component should have correct classes on different states 2`] = `"<div class=\\"indicator -success\\"></div>"`;
